<html>
<body>
<pre>
<h1>µVision Build Log</h1>
<h2>Tool Versions:</h2>
IDE-Version: ¦ÌVision V5.20.0.0
Copyright (C) 2016 ARM Ltd and ARM Germany GmbH. All rights reserved.
License Information: dangooo 23333, 66666, LIC=9WSAR-KHRY8-XUF41-CEZS3-0AQNY-VCDVE
 
Tool Versions:
Toolchain:       MDK-ARM Plus  Version: 5.20
Toolchain Path:  D:\Programfile\Keil\ARM\ARMCC\Bin
C Compiler:      Armcc.exe V5.06 update 2 (build 183)
Assembler:       Armasm.exe V5.06 update 2 (build 183)
Linker/Locator:  ArmLink.exe V5.06 update 2 (build 183)
Library Manager: ArmAr.exe V5.06 update 2 (build 183)
Hex Converter:   FromElf.exe V5.06 update 2 (build 183)
CPU DLL:         SARMCM3.DLL V5.20
Dialog DLL:      DCM.DLL V1.13.7.0
Target DLL:      STLink\ST-LINKIII-KEIL_SWO.dll V2.0.18.0
Dialog DLL:      TCM.DLL V1.14.9.0
 
<h2>Project:</h2>
D:\soft_file\keil\Yuntai_UART_103\MDK-ARM\Yuntai_UART_103.uvprojx
Project File Date:  06/15/2021

<h2>Output:</h2>
*** Using Compiler 'V5.06 update 2 (build 183)', folder: 'D:\Programfile\Keil\ARM\ARMCC\Bin'
Build target 'Yuntai_UART_103'
compiling ROS_UART.c...
.\inc\Yuntai.h(96): warning:  #1295-D: Deprecated declaration Yuntai_Init - give arg types
  void Yuntai_Init();
.\inc\Yuntai.h(104): warning:  #1-D: last line of file ends without a newline
  #endif
.\inc\ROS_UART.h(13): warning:  #1-D: last line of file ends without a newline
  #endif
src\ROS_UART.c: 3 warnings, 0 errors
linking...
Program Size: Code=9208 RO-data=292 RW-data=64 ZI-data=1680  
FromELF: creating hex file...
"Yuntai_UART_103\Yuntai_UART_103.axf" - 0 Error(s), 3 Warning(s).

<h2>Software Packages used:</h2>

Package Vendor: ARM
                http://www.keil.com/pack/ARM.CMSIS.4.5.0.pack
                ARM::CMSIS:CORE:4.3.0
                CMSIS (Cortex Microcontroller Software Interface Standard)
   * Component: CORE Version: 4.3.0

<h2>Collection of Component include folders:</h2>
  D:\soft_file\keil\Yuntai_UART_103\MDK-ARM\RTE
  D:\Programfile\Keil\ARM\PACK\ARM\CMSIS\4.5.0\CMSIS\Include
  D:\Programfile\Keil\ARM\PACK\Keil\STM32F1xx_DFP\2.3.0\Device\Include

<h2>Collection of Component Files used:</h2>

   * Component: ARM::CMSIS:CORE:4.3.0
Build Time Elapsed:  00:00:02
</pre>
</body>
</html>
